br\com\Visao\TelaFuncionarios$17.class
br\com\Visao\TelaFuncionarios$27.class
br\com\Visao\TelaNotificacoes.class
br\com\Visao\TelaAfastamento$3.class
br\com\Classes\Relatorios\Relatorio002$2.class
br\com\Visao\TelaVisualizarPDF.class
br\com\Classes\Relatorios\Relatorio001.class
br\com\Visao\TelaVisualizarPDF$5.class
br\com\Classes\Relatorios\Relatorio002$5.class
br\com\Visao\TelaFuncionarios$4.class
br\com\Classes\Relatorios\Relatório003$2.class
br\com\Visao\TelaCadFuncao$3.class
br\com\Visao\TelaFuncionarios$7.class
br\com\Visao\TelaVisualizarPDF$2.class
br\com\Graficos\GraficoDAO.class
br\com\Visao\TelaCadEmpresa$6.class
br\com\Utilidades\Criptografia.class
br\com\Visao\TelaAdvertencias$7.class
br\com\Visao\TelaCadSetor$5.class
br\com\Visao\TelaCadFuncao$6.class
br\com\Visao\TelaFuncionarios$11.class
br\com\Visao\PainelFuncionarioCard.class
br\com\Visao\TelaFuncionarios$14.class
br\com\Visao\TelaFuncionarios$34.class
br\com\Visao\TelaCadEmpresa.class
br\com\Visao\TelaAdvertencias$4.class
br\com\Visao\TelaGraficos$1.class
br\com\Visao\TelaCadUsusarios$7.class
br\com\Visao\TelaAfastamento$6.class
br\com\Visao\TelaFuncionarios$37.class
br\com\Visao\TelaCadUsusarios$4.class
br\com\Visao\TelaFuncionarios$22.class
br\com\Visao\TelaFuncionarios$42.class
br\com\Classes\Relatorios\Relatorio001$2.class
br\com\Visao\TelaFuncionarios$35.class
br\com\Classes\Relatorios\Relatório003$1.class
br\com\Visao\TelaFuncionarios$25.class
br\com\Visao\TelaCadSetor$6.class
br\com\Visao\TelaCadUsusarios$5.class
br\com\Visao\TelaDocumentos$2.class
br\com\Visao\TelaFuncionarios$19.class
br\com\Visao\TelaAdvertencias$1.class
br\com\Visao\TelaFuncionarios$5.class
br\com\Visao\TelaAfastamento$2.class
br\com\Visao\TelaAfastamento$8.class
br\com\Visao\TelaNotificaçõesAnaliticas$5.class
br\com\Utilidades\FuncionarioNotificacao.class
br\com\Visao\TelaFuncionarios$29.class
br\com\Visao\TelaFuncionarios$48.class
br\com\Visao\TelaCadFuncao$1.class
br\com\Visao\TelaFuncionarios$41.class
br\com\Visao\TelaAdvertencias$8.class
br\com\Visao\TelaCadEmpresa$3.class
br\com\Visao\TelaFuncionarios$36.class
br\com\Visao\TelaLoginNova.class
br\com\Conexao\ConexaoPostgreSESMT.class
br\com\Visao\TelaDocumentos$1.class
br\com\Visao\TelaAfastamento.class
br\com\Classes\Relatorios\Relatorio001$1.class
br\com\Visao\TelaAdvertencias$2.class
br\com\Visao\TelaFuncionarios.class
br\com\Conexao\ConexaoPostgres.class
br\com\Visao\TelaFuncionarios$18.class
br\com\Visao\TelaFuncionarios$24.class
br\com\Classes\Relatorios\Relatorio002$6.class
br\com\Visao\TelaVisualizarPDF$4.class
br\com\Classes\Relatorios\Relatorio002.class
br\com\Visao\TelaAdvertencias$9.class
br\com\Utilidades\UppercaseDocumentFilter.class
br\com\Visao\TelaCadEmpresa$4.class
br\com\Visao\TelaFuncionarios$12.class
br\com\Visao\TelaFuncionarios$47.class
br\com\Visao\TelaAfastamento$1.class
br\com\Visao\TelaLoginNova$1.class
br\com\Visao\TelaCadUsusarios.class
br\com\Visao\TelaCadUsusarios$3.class
br\com\Visao\TelaFuncionarios$20.class
br\com\Visao\TelaFuncionarios$30.class
br\com\Visao\TelaAdvertencias$6.class
br\com\Visao\TelaCadSetor$4.class
br\com\Visao\TelaNotificaçõesAnaliticas$5$1.class
br\com\Visao\TelaLoginNova$2.class
br\com\Visao\TelaCadSetor$1.class
br\com\Visao\TelaFuncionarios$40.class
br\com\Visao\TelaCadEmpresa$5.class
br\com\Visao\TelaFuncionarios$10.class
br\com\Visao\TelaNotificaçõesAnaliticas.class
br\com\Visao\TelaCadUsusarios$6.class
br\com\Visao\TelaAfastamento$7.class
br\com\Visao\TelaNotificacoes$1$1.class
br\com\Visao\TelaFuncionarios$13.class
br\com\Visao\TelaFuncionarios$23.class
br\com\Visao\TelaFuncionarios$33.class
br\com\Visao\TelaFuncionarios$43.class
br\com\Visao\TelaAdvertencias$3.class
br\com\Visao\TelaFuncionarios$46.class
br\com\Graficos\PainelGraficoEmpresas.class
br\com\Classes\Relatorios\Relatorio002$1.class
br\com\Visao\TelaFuncionarios$26.class
br\com\Classes\Relatorios\Relatório003.class
br\com\Visao\TelaNotificaçõesAnaliticas$1.class
br\com\Visao\TelaFuncionarios$6.class
br\com\Classes\Relatorios\Relatorio001$3.class
br\com\Visao\TelaFuncionarios$28.class
br\com\Classes\Relatorios\Relatorio002$4.class
br\com\Visao\TelaCadFuncao$2.class
br\com\Visao\TelaCadEmpresa$2.class
br\com\Visao\TelaNotificaçõesAnaliticas$4.class
br\com\Visao\TelaVisualizarPDF$3.class
br\com\Visao\TelaFuncionarios$3.class
br\com\Visao\TelaGraficos.class
br\com\Visao\TelaCadSetor.class
br\com\Visao\TelaVisualizarPDF$6.class
br\com\Visao\TelaAdvertencias.class
br\com\Visao\TelaCadFuncao$5.class
br\com\Visao\TelaAfastamento$5.class
br\com\Visao\TelaNotificaçõesAnaliticas$2.class
br\com\Visao\TelaFuncionarios$2.class
br\com\Visao\TelaFuncionarios$45.class
br\com\Visao\TelaFuncionarios$15.class
br\com\Visao\TelaFuncionarios$9.class
br\com\Visao\TelaCadUsusarios$1.class
br\com\Utilidades\NotificacaoServices.class
br\com\Visao\TelaCadSetor$2.class
br\com\Visao\TelaNotificacoes$1.class
br\com\Classes\Relatorios\Relatorio001$5.class
br\com\Visao\TelaFuncionarios$39.class
br\com\Visao\TelaFuncionarios$49.class
br\com\Classes\Relatorios\Relatorio002$3.class
br\com\Visao\TelaDocumentos.class
br\com\Visao\TelaFuncionarios$31.class
br\com\Visao\TelaFuncionarios$16.class
br\com\Visao\TelaVisualizarPDF$1.class
br\com\Visao\TelaFuncionarios$8.class
br\com\Visao\TelaAfastamento$4.class
br\com\Visao\TelaCadFuncao$4.class
br\com\Visao\TelaCadUsusarios$2.class
br\com\Visao\TelaFuncionarios$21.class
br\com\Visao\TelaAdvertencias$5.class
br\com\Visao\TelaCadEmpresa$1.class
br\com\Visao\TelaFuncionarios$38.class
br\com\Visao\TelaNotificaçõesAnaliticas$3.class
br\com\Visao\TelaFuncionarios$1.class
br\com\Visao\TelaFuncionarios$44.class
br\com\Classes\Relatorios\Relatorio001$4.class
br\com\Visao\TelaCadFuncao.class
br\com\Classes\Relatorios\Relatório003$3.class
br\com\Visao\TelaCadEmpresa$7.class
br\com\Visao\TelaCadSetor$3.class
br\com\Visao\TelaFuncionarios$32.class
