C:\Users\Lavanderia\Documents\NetBeansProjects\ProjetoRH\src\main\java\br\com\Graficos\PainelGraficoEmpresas.java
C:\Users\Lavanderia\Documents\NetBeansProjects\ProjetoRH\src\main\java\br\com\Visao\TelaFuncionarios.java
C:\Users\Lavanderia\Documents\NetBeansProjects\ProjetoRH\src\main\java\br\com\Visao\TelaCadSetor.java
C:\Users\Lavanderia\Documents\NetBeansProjects\ProjetoRH\src\main\java\br\com\Visao\TelaAfastamento.java
C:\Users\Lavanderia\Documents\NetBeansProjects\ProjetoRH\src\main\java\br\com\Visao\TelaCadFuncao.java
C:\Users\Lavanderia\Documents\NetBeansProjects\ProjetoRH\src\main\java\br\com\Visao\TelaNotificacoes.java
C:\Users\Lavanderia\Documents\NetBeansProjects\ProjetoRH\src\main\java\br\com\Graficos\GraficoDAO.java
C:\Users\Lavanderia\Documents\NetBeansProjects\ProjetoRH\src\main\java\br\com\Visao\TelaCadEmpresa.java
C:\Users\Lavanderia\Documents\NetBeansProjects\ProjetoRH\src\main\java\br\com\Conexao\ConexaoPostgres.java
C:\Users\Lavanderia\Documents\NetBeansProjects\ProjetoRH\src\main\java\br\com\Utilidades\NotificacaoServices.java
C:\Users\Lavanderia\Documents\NetBeansProjects\ProjetoRH\src\main\java\br\com\Utilidades\UppercaseDocumentFilter.java
C:\Users\Lavanderia\Documents\NetBeansProjects\ProjetoRH\src\main\java\br\com\Visao\TelaLoginNova.java
C:\Users\Lavanderia\Documents\NetBeansProjects\ProjetoRH\src\main\java\br\com\Visao\TelaDocumentos.java
C:\Users\Lavanderia\Documents\NetBeansProjects\ProjetoRH\src\main\java\br\com\Visao\TelaCadUsusarios.java
C:\Users\Lavanderia\Documents\NetBeansProjects\ProjetoRH\src\main\java\br\com\Classes\Relatorios\Relatorio002.java
C:\Users\Lavanderia\Documents\NetBeansProjects\ProjetoRH\src\main\java\br\com\Visao\PainelFuncionarioCard.java
C:\Users\Lavanderia\Documents\NetBeansProjects\ProjetoRH\src\main\java\br\com\Classes\Relatorios\Relatório003.java
C:\Users\Lavanderia\Documents\NetBeansProjects\ProjetoRH\src\main\java\br\com\Visao\TelaNotificaçõesAnaliticas.java
C:\Users\Lavanderia\Documents\NetBeansProjects\ProjetoRH\src\main\java\br\com\Classes\Relatorios\Relatorio001.java
C:\Users\Lavanderia\Documents\NetBeansProjects\ProjetoRH\src\main\java\br\com\Utilidades\Criptografia.java
C:\Users\Lavanderia\Documents\NetBeansProjects\ProjetoRH\src\main\java\br\com\Conexao\ConexaoPostgreSESMT.java
C:\Users\Lavanderia\Documents\NetBeansProjects\ProjetoRH\src\main\java\br\com\Visao\TelaGraficos.java
C:\Users\Lavanderia\Documents\NetBeansProjects\ProjetoRH\src\main\java\br\com\Visao\TelaVisualizarPDF.java
C:\Users\Lavanderia\Documents\NetBeansProjects\ProjetoRH\src\main\java\br\com\Visao\TelaAdvertencias.java
C:\Users\Lavanderia\Documents\NetBeansProjects\ProjetoRH\src\main\java\br\com\Utilidades\FuncionarioNotificacao.java
